NAME    STARTED       DURATION   STATUS
pr2-2   2 hours ago   1m0s       Failed
pr2-1   3 hours ago   ---        Succeeded(Running)
